11:51:28 **** Build of configuration Debug for project blinker ****
make all 
'Building file: ../src/mb_blink.c'
'Invoking: MicroBlaze gcc compiler'
mb-gcc -Wall -O0 -g3 -c -fmessage-length=0 -MT"src/mb_blink.o" -IC:/Users/Mwehler2/385/ece385-lab6/lab6/sdk/mb_intro_top/export/mb_intro_top/sw/mb_intro_top/standalone_microblaze_0/bspinclude/include -mno-xl-reorder -mlittle-endian -mxl-barrel-shift -mxl-pattern-compare -mcpu=v11.0 -mno-xl-soft-mul -Wl,--no-relax -ffunction-sections -fdata-sections -MMD -MP -MF"src/mb_blink.d" -MT"src/mb_blink.o" -o "src/mb_blink.o" "../src/mb_blink.c"
../src/mb_blink.c:18:36: warning: initialization of 'volatile uint32_t *' {aka 'volatile long unsigned int *'} from 'int' makes pointer from integer without a cast [-Wint-conversion]
   18 | volatile uint32_t* led_gpio_data = 0x40000000;  //Hint: either find the manual address (via the memory map in the block diagram, or
      |                                    ^~~~~~~~~~
'Finished building: ../src/mb_blink.c'
' '
'Building file: ../src/platform.c'
'Invoking: MicroBlaze gcc compiler'
mb-gcc -Wall -O0 -g3 -c -fmessage-length=0 -MT"src/platform.o" -IC:/Users/Mwehler2/385/ece385-lab6/lab6/sdk/mb_intro_top/export/mb_intro_top/sw/mb_intro_top/standalone_microblaze_0/bspinclude/include -mno-xl-reorder -mlittle-endian -mxl-barrel-shift -mxl-pattern-compare -mcpu=v11.0 -mno-xl-soft-mul -Wl,--no-relax -ffunction-sections -fdata-sections -MMD -MP -MF"src/platform.d" -MT"src/platform.o" -o "src/platform.o" "../src/platform.c"
'Finished building: ../src/platform.c'
' '
'Building target: blinker.elf'
'Invoking: MicroBlaze gcc linker'
mb-gcc -Wl,-T -Wl,../src/lscript.ld -LC:/Users/Mwehler2/385/ece385-lab6/lab6/sdk/mb_intro_top/export/mb_intro_top/sw/mb_intro_top/standalone_microblaze_0/bsplib/lib -mlittle-endian -mxl-barrel-shift -mxl-pattern-compare -mcpu=v11.0 -mno-xl-soft-mul -Wl,--no-relax -Wl,--gc-sections -o "blinker.elf"  ./src/mb_blink.o ./src/platform.o   -Wl,--start-group,-lxil,-lgcc,-lc,--end-group
'Finished building target: blinker.elf'
' '
'Invoking: MicroBlaze Print Size'
mb-size blinker.elf  |tee "blinker.elf.size"
   text	   data	    bss	    dec	    hex	filename
   5552	    324	   3108	   8984	   2318	blinker.elf
'Finished building: blinker.elf.size'
' '

11:51:29 Build Finished (took 1s.478ms)

